Could not find the file: /Users/zacharyzhu/Desktop/CS61C/projects/fa20-proj3-zhu-2/tests/part_b/custom/inputs/integratino_test1.s
