[ERROR] An uncaught error has occurred! Here are the details that may help solve this issue.

Error:
`venusbackend.simulator.SimulatorError: instruction not found for 0x0

ID:
'Trace tr Loop'!
