Could not find the file: /mnt/c/Users/peter/Desktop/cs61c/fa20-proj3-zhu-2/tests/part_b/custom/inputs/sll-slli.s
